XAS99 CROSS-ASSEMBLER   VERSION 3.6.5
     **** ****     > boot.a99
0001                       COPY "../mux.a99"
     **** ****     > ../mux.a99
0001      F000     MUX0    EQU >F000
0002      F000     M0STAT  EQU >F000                       ;  Read status: bit 0 = Transmit Busy, bit 1 = Data Received
0003      F002     M0RX    EQU >F002                       ;  Read byte received in 8 LSB
0004      F003     M0RXB   EQU >F003                       ;  Read byte received
0005      F004     M0TX    EQU >F004                       ;  Write byte to send in 8 LSB
0006      F005     M0TXB   EQU >F005                       ;  Write byte to send
0007      F006     M0RST   EQU >F006                       ;  Write to reset interrupt and Data Received status
0008      0002     M0IRQ   EQU >2                          ;  IRQ for Mux0
0009               
0010                                                       ; Mux1 constants
0011      F008     MUX1    EQU >F008
0012      F008     M1STAT  EQU >F008
0013      F00A     M1RX    EQU >F00A
0014      F00B     M1RXB   EQU >F00B
0015      F00C     M1TX    EQU >F00C
0016      F00D     M1TXB   EQU >F00D
0017      F00E     M1RST   EQU >F00E
0018      0003     M1IRQ   EQU >3
                   < boot.a99
0002                       COPY "../addrs.a99"
     **** ****     > ../addrs.a99
0001      0000     VECTORS EQU >0000
0002      0040     TRAPS   EQU >0040
0003      0080     GENERAL EQU >0080
0004      1000     RAM_START EQU >1000
0005      3FFE     RAM_END EQU >3FFE
                   < boot.a99
0003               
0004      0004     TMRIRQ  EQU >4                          ; Timer IRQ
0005      F010     TMRRST  EQU >F010
0006               
0007               ;*************************************************
0008               ;                       Stacks
0009      3ED0     T0_SP   EQU >4000 - >130
0010      3500     T1_SP   EQU >3500
0011               
0012                       DORG >4000 - 128
0013               ;*************************************************
0014               ;                       Task Workspaces
0015 3F80          T0_WP   BSS 32
0016 3FA0          T1_WP   BSS 32
0017               
0018               ;*************************************************
0019               ;                       Scheduler RAM
0020 3FC0          OSWP    BSS 32                          ; Set aside 32 bytes/16 words for primary workspace
0021               
0022               TCBS                                    ; Start of TCB Table
0023 3FE0                  BSS 6                           ; WP,PC,ST
0024 3FE6                  BSS 6
0025               TCBE                                    ; End of TCB Table
0026               
0027 3FEC          TCUR    BSS 2                           ; Pointer to TCB for current task
0028               
0029 3FEE          M0STATC BSS 2
0030 3FF0          M1STATC BSS 2
0031 3FF2          TIMER_TICK BSS 2                        ; Incremented on each hardware timer interrupt (not yield)
0032               
0033               ;*************************************************
0034               ;                       ROM Start
0035                       AORG >0000                      ; Reset Vector...
0036 0000 3FC0             DATA OSWP                       ;       OS workspace addr
0037 0002 00C0             DATA UNZIP                      ;       Init code
0038               
0039               YIELDV  AORG >4                         ; Yield Vector (BLWP @>0004 from C yield macro)
0040 0004 3FC0             DATA OSWP                       ;       OS Workspace (shared with timer ISR)
0041 0006 0096             DATA ISR_YIELD                  ;       Skips timer-only counter increment
0042               
0043               M0IRQV  AORG M0IRQ * 4
0044 0008 3FC0             DATA OSWP
0045 000A 0014             DATA ISR_MUX_0
0046               
0047               M1IRQV  AORG M1IRQ * 4
0048 000C 3FC0             DATA OSWP
0049 000E 0014             DATA ISR_MUX_1
0050               
0051               TIMERV  AORG TMRIRQ * 4                 ; Timer Vector
0052 0010 3FC0             DATA OSWP                       ;       OS Workspace
0053 0012 008A             DATA ISR_TIMER                  ;       Scheduler code
0054               
0055               ISR_MUX_0
0056               ISR_MUX_1
0057 0014 C820  42         MOV @M0STAT, @M0STATC
     0016 F000     
     0018 3FEE     
0058 001A C820  42         MOV @M1STAT, @M1STATC
     001C F008     
     001E 3FF0     
0059 0020 04E0  26         CLR @M0RST
     0022 F006     
0060 0024 04E0  26         CLR @M1RST
     0026 F00E     
0061 0028 0380  14         RTWP
0062               
0063               ;*************************************************
0064               ;                       TCB Initialization
0065               TCB_INIT_DATA                           ; Initial Ram Values
0066 002A 3F80             DATA T0_WP, UNZIP_DATA, >0004   ; Task 0 TCB //TODO FIX INT MASK!!!
     002C 1000     
     002E 0004     
0067 0030 3FA0             DATA T1_WP, UNZIP_DATA, >0004   ; Task 1 TCB
     0032 1000     
     0034 0004     
0068               TCB_INIT_DATA_END
0069               
0070               TCB_INIT
0071 0036 0200  12         LI R0, TCB_INIT_DATA            ; Copy TCBs from ROM to RAM
     0038 002A     
0072 003A 0201  12         LI R1, TCBS
     003C 3FE0     
0073 003E 0202  12         LI R2, (TCB_INIT_DATA_END-TCB_INIT_DATA)/2
     0040 0006     
0074               TCB_INIT_COPY
0075 0042 CC70  42         MOV *R0+, *R1+
0076 0044 0602  10         DEC R2
0077 0046 16FD  10         JNE TCB_INIT_COPY
0078               
0079               INIT_STACKS
0080 0048 0201  12         LI R1, >0002
     004A 0002     
0081 004C C801  30         MOV R1, @M0STATC
     004E 3FEE     
0082 0050 C801  30         MOV R1, @M1STATC
     0052 3FF0     
0083               
0084 0054 0201  12         LI R1, MUX0
     0056 F000     
0085 0058 C801  30         MOV R1, @T0_WP + (1 * 2)
     005A 3F82     
0086 005C 0201  12         LI R1, M0STATC
     005E 3FEE     
0087 0060 C801  30         MOV R1, @T0_WP + (2 * 2)
     0062 3F84     
0088 0064 0201  12         LI R1, T0_SP
     0066 3ED0     
0089 0068 C801  30         MOV R1, @T0_WP + (10 * 2)
     006A 3F94     
0090               
0091 006C 0201  12         LI R1, MUX1
     006E F008     
0092 0070 C801  30         MOV R1, @T1_WP + (1 * 2)
     0072 3FA2     
0093 0074 0201  12         LI R1, M1STATC
     0076 3FF0     
0094 0078 C801  30         MOV R1, @T1_WP + (2 * 2)
     007A 3FA4     
0095 007C 0201  12         LI R1, T1_SP
     007E 3500     
0096 0080 C801  30         MOV R1, @T1_WP + (10 * 2)
     0082 3FB4     
0097                       ;B @UNZIP_DATA
0098               
0099                                                       ; Load and run Task 1
0100 0084 0201  12         LI R1, TCBS                     ; Set the first task as the "next" to run
     0086 3FE0     
0101 0088 1015  10         JMP ISR_TIMER_RESUME            ; Jump straight to resume it!
0102               
0103               ;*************************************************
0104               ;                       Scheduler
0105               ISR_TIMER
0106 008A 0300  14         LIMI 0                          ; INT OFF
     008C 0000     
0107 008E 04E0  26         CLR @TMRRST                     ; MMIO Write to clear timer interrupt
     0090 F010     
0108 0092 05A0  26         INC @TIMER_TICK                 ; Count hardware timer ticks (not yield)
     0094 3FF2     
0109                                                       ; fall through to ISR_YIELD
0110               
0111               ISR_YIELD                               ; Entry for BLWP @>0004 (yield from C getchar/putchar)
0112 0096 0300  14         LIMI 0                          ; INT OFF - interrupts may be on at yield point
     0098 0000     
0113               
0114 009A C020  26         MOV @TCUR, R0                   ;Load current TCB address to R0
     009C 3FEC     
0115 009E C040  14         MOV R0, R1                      ;Copy to R1...
0116 00A0 0221  14         AI R1, >6                       ;and increment to next TCB
     00A2 0006     
0117               
0118                                                       ;Loop back around to the first task
0119 00A4 0281  14         CI R1, TCBE                     ;If next task is NOT past the end of the TCB Table
     00A6 3FEC     
0120 00A8 1602  10         JNE ISR_TIMER_SWAP              ;THEN goto SWAP
0121 00AA 0201  12         LI R1, TCBS                     ;ELSE set it to the first one
     00AC 3FE0     
0122               ISR_TIMER_SWAP
0123               
0124               ISR_TIMER_SUSPEND                       ;Suspend task to TCB in R0
0125 00AE CC0D  30         MOV R13, *R0+                   ; Save context to TCB
0126 00B0 CC0E  30         MOV R14, *R0+
0127 00B2 CC0F  30         MOV R15, *R0+
0128               ISR_TIMER_RESUME                        ;Resume task from TCB in R1
0129 00B4 C801  30         MOV R1, @TCUR                   ; Save as current task
     00B6 3FEC     
0130 00B8 C371  26         MOV *R1+, R13                   ; Restore context from TCB
0131 00BA C3B1  26         MOV *R1+, R14
0132 00BC C3F1  26         MOV *R1+, R15
0133 00BE 0380  14         RTWP
0134               
0135               
0136               ;*************************************************
0137               ;                       Decompress
0138               UNZIP                                   ;Uncompress
0139 00C0 0200  12         LI R0, UNZIP_COMPRESSED_DATA    ;Input data in rom
     00C2 017C     
0140 00C4 0201  12         LI R1, UNZIP_DATA               ;output in ram
     00C6 1000     
0141 00C8 06A0  20         BL @DZX0                        ;Call
     00CA 00CE     
0142 00CC 10B4  10         JMP TCB_INIT
0143               
0144                       COPY "../zx0/dzx0.a99"
     **** ****     > ../zx0/dzx0.a99
0001               ; -----------------------------------------------------------------------------
0002               ; ZX0 decoder for TMS9900
0003               ; Based on Z80 "Standard" version by Einar Saukas & Urusergi
0004               ; Ported for TMS9900 architecture
0005               ; -----------------------------------------------------------------------------
0006               ; Usage:
0007               ;   LI   R0,COMPRESSED_ADDR     ; Source address (compressed data in ROM)
0008               ;   LI   R1,DEST_ADDR           ; Destination address (RAM)
0009               ;   BL   @DZX0
0010               ;   ; On return: R1 points to byte after last decompressed byte
0011               ; -----------------------------------------------------------------------------
0012               ; Register usage:
0013               ;   R0:  Input Pointer
0014               ;   R1:  Output Pointer
0015               ;   R2:  Bit value (current byte being read bit-by-bit)
0016               ;   R3:  Bit mask (0x8000, 0x4000, ... 0x0100, then refill)
0017               ;   R4:  Backtrack
0018               ;   R5:  Last Byte
0019               ;   R6: last_offset
0020               ;   R7: length
0021               ;   R8: i
0022               ;   R9 Elias return
0023               ;   R12: 1 for inverted elias, 0 for normal
0024               ;   R15: Read bit return
0025               ; Scratch R15, R14, R13
0026               ; -----------------------------------------------------------------------------
0027               
0028                                                       ; Uses R13 as scratch
0029               DZX0
0030 00CE C34B  14         MOV R11, R13
0031 00D0 0206  12         LI R6, >1                       ;last_offset = INITIAL_OFFSET = 1
     00D2 0001     
0032 00D4 0203  12         LI R3, >0080                    ;bit mask = 0
     00D6 0080     
0033 00D8 04C4  10         CLR R4                          ;backtrack = 0
0034 00DA 04CC  10         CLR R12
0035               COPY_LITERALS:
0036 00DC 06A0  20         BL @ELIAS
     00DE 0162     
0037               LIT_LOOP:
0038 00E0 DC70  38         MOVB *R0+, *R1+                 ; *output_ptr++ = *input_ptr++
0039 00E2 0609  10         DEC R9
0040 00E4 16FD  10         JNE LIT_LOOP
0041               
0042 00E6 06A0  20         BL @READBIT                     ;if (read_bit())
     00E8 013A     
0043 00EA 1607  10         JNE NEW_OFFSET                  ;       goto COPY_FROM_NEW_OFFSET;
0044               
0045                                                       ;Uses R15 as scratch
0046               LAST_OFFSET:
0047 00EC 06A0  20         BL @ELIAS
     00EE 0162     
0048               
0049 00F0 06A0  20         BL @WRITE_OFFSET
     00F2 012E     
0050               
0051 00F4 06A0  20         BL @READBIT                     ;if (!read_bit())
     00F6 013A     
0052 00F8 13F1  10         JEQ COPY_LITERALS               ;       goto COPY_LITERALS;
0053               
0054                                                       ;Uses R15 as scratch
0055               NEW_OFFSET
0056 00FA 058C  10         INC R12                         ;Inverted!
0057 00FC 06A0  20         BL @ELIAS
     00FE 0162     
0058 0100 04CC  10         CLR R12
0059               
0060 0102 0289  14         CI R9, >0100                    ; Done condition
     0104 0100     
0061 0106 1312  10         JEQ DZX_DONE
0062               
0063 0108 C189  14         MOV R9, R6                      ;last_offset = read_interlaced_elias_gamma(1);
0064 010A D170  24         MOVB *R0+, R5                   ;last_byte = *input_ptr++;
0065               
0066                                                       ;last_offset = last_offset * 128 - (last_byte >> 1);
0067 010C 0A76  26         SLA R6, 7                       ;last_offset = last_offset * 128
0068 010E C3C5  14         MOV R5, R15                     ; R15 = last_byte
0069 0110 06CF  10         SWPB R15
0070 0112 091F  14         SRL R15, 1                      ; R15 = last_byte >> 1
0071 0114 618F  14         S R15, R6                       ;last_offset = last_offset * 128 - (last_byte >> 1);
0072               
0073 0116 0204  12         LI R4, 1                        ;backtrack = 1
     0118 0001     
0074               
0075 011A 06A0  20         BL @ELIAS
     011C 0162     
0076 011E 0589  10         INC R9                          ; R9 length = read_interlaced_elias_gamma(0) + 1;
0077 0120 06A0  20         BL @WRITE_OFFSET
     0122 012E     
0078               
0079 0124 06A0  20         BL @READBIT
     0126 013A     
0080 0128 16E8  10         JNE NEW_OFFSET
0081 012A 10D8  10         JMP COPY_LITERALS
0082               DZX_DONE
0083 012C 045D  16         B *R13
0084               
0085                                                       ;Uses R15 as Scratch & Return Value
0086               WRITE_OFFSET                            ;Leaf function, no need to store R11
0087 012E C3C1  14         MOV R1, R15                     ; R6 = current output_ptr
0088 0130 63C6  14         S R6, R15                       ; R6 = output_ptr - last_offset
0089               WRITE_OFFSET_LOOP:
0090 0132 DC7F  38         MOVB *R15+, *R1+                ; *output_ptr++ = *(output_ptr - offset)++
0091 0134 0609  10         DEC R9
0092 0136 16FD  10         JNE WRITE_OFFSET_LOOP
0093 0138 045B  16         B *R11
0094               
0095               
0096                                                       ;Uses R15 as Scratch & Return Value
0097               READBIT                                 ;Leaf function, no need to store R11
0098 013A C104  14         MOV R4, R4
0099 013C 1305  10         JEQ READBIT_NO_BACKTRACK
0100 013E 04C4  10         CLR R4
0101 0140 C3C5  14         MOV R5, R15
0102 0142 024F  14         ANDI R15, >0100
     0144 0100     
0103 0146 045B  16         B *R11
0104               READBIT_NO_BACKTRACK
0105 0148 0283  14         CI R3, >0080                    ;Has the bit fallen off the high bit?
     014A 0080     
0106 014C 1603  10         JNE READBIT_HAVE_BYTE           ; if not there are still bits left to read
0107 014E D0B0  24         MOVB *R0+, R2                   ;read the new byte
0108 0150 0203  12         LI R3, >8000                    ;reset the bit mask
     0152 8000     
0109               READBIT_HAVE_BYTE
0110 0154 04CF  10         CLR R15                         ;Prepare to return zero
0111 0156 2083  14         COC R3, R2                      ;Check byte vs mask
0112 0158 1601  10         JNE READBIT_ZERO                ;Jump to zero return
0113 015A 058F  10         INC R15                         ;Change return to one
0114               READBIT_ZERO
0115 015C 0913  14         SRL R3, 1                       ;Shift mask
0116 015E C3CF  14         MOV R15, R15                    ;Reload return value so callers can just use EQ status bit
0117 0160 045B  16         B *R11
0118               
0119                                                       ;Uses R14 as scratch
0120                                                       ;Retrns in R9
0121               ELIAS
0122 0162 C38B  14         MOV R11, R14                    ; Save return address
0123 0164 0209  12         LI R9, 1                        ; value = 1
     0166 0001     
0124               ELIAS_LOOP
0125 0168 06A0  20         BL @READBIT                     ; Read data bit
     016A 013A     
0126 016C 1606  10         JNE ELIAS_DONE                  ; If bit=1, done
0127                                                       ; Data bit was 0, continue
0128 016E 0A19  14         SLA R9, 1                       ; value <<= 1
0129 0170 06A0  20         BL @READBIT                     ; Read value bit
     0172 013A     
0130 0174 2BCC  14         XOR R12, R15                    ; possibly invert the one bit
0131 0176 A24F  14         A R15, R9                       ; R15 is 1 or zero, add it
0132 0178 10F7  10         JMP ELIAS_LOOP
0133               ELIAS_DONE
0134 017A 045E  16         B *R14
                   < boot.a99
0145               
0146               UNZIP_COMPRESSED_DATA
0147 017C 0539             BCOPY "forth.romz"
     017E 06A0     
     0180 112A     
     0182 10FF     
     0184 302D     
     0186 064A     
     0188 C68E     
     018A C202     
     018C A203     
     018E 04C4     
     0190 D604     
     0192 0603     
     0194 C001     
     0196 1605     
     0198 C042     
     019A A043     
     019C D460     
     019E 1006     
     01A0 102E     
     01A2 04CE     
     01A4 E106     
     01A6 1504     
     01A8 1303     
     01AA 020E     
     01AC 0001     
     01AE 0501     
     01B0 0207     
     01B2 000A     
     01B4 1017     
     01B6 C101     
     01B8 0744     
     01BA C184     
     01BC 0705     
     01BE 1191     
     01C0 BB04     
     01C2 C53D     
     01C4 47C1     
     01C6 4602     
     01C8 2500     
     01CA 3006     
     01CC C5D6     
     01CE 8928     
     01D0 9EE5     
     01D2 4407     
     01D4 04D0     
     01D6 AEC4     
     01D8 C3E4     
     01DA 41F1     
     01DC E805     
     01DE 04C0     
     01E0 4406     
     01E2 087C     
     01E4 3DE6     
     01E6 C00E     
     01E8 1354     
     01EA BA07     
     01EC 380A     
     01EE 4305     
     01F0 81A0     
     01F2 02C3     
     01F4 BA04     
     01F6 5BC1     
     01F8 2108     
     01FA ACE0     
     01FC D9E7     
     01FE 9004     
     0200 2000     
     0202 A9D4     
     0204 0243     
     0206 8E35     
     0208 1302     
     020A E097     
     020C 8CC0     
     020E E108     
     0210 AA02     
     0212 23E0     
     0214 D9E7     
     0216 FF00     
     0218 45C4     
     021A C4B4     
     021C DC94     
     021E EAC5     
     0220 13C1     
     0222 6015     
     0224 40A0     
     0226 82C0     
     0228 C5A0     
     022A C2D1     
     022C 9390     
     022E C856     
     0230 80C4     
     0232 BBD1     
     0234 1384     
     0236 FF91     
     0238 E591     
     023A 8982     
     023C DDC4     
     023E D4A0     
     0240 85BE     
     0242 22B9     
     0244 9CA1     
     0246 FAAA     
     0248 9342     
     024A 5AF6     
     024C A6A1     
     024E 8822     
     0250 AAD0     
     0252 C483     
     0254 A883     
     0256 A189     
     0258 C061     
     025A B691     
     025C C94F     
     025E 7274     
     0260 682E     
     0262 0D0A     
     0264 B165     
     0266 0B38     
     0268 022A     
     026A FFF8     
     026C C00A     
     026E CC0B     
     0270 CC0C     
     0272 CC0E     
     0274 C40F     
     0276 E572     
     0278 F720     
     027A C381     
     027C C39B     
     027E C802     
     0280 D9AB     
     0282 C04A     
     0284 2121     
     0286 AF76     
     0288 A015     
     028A F2CA     
     028C 8E08     
     028E BACA     
     0290 8F08     
     0292 BCD5     
     0294 2111     
     0296 5EA5     
     0298 DFE7     
     029A E15A     
     029C 022E     
     029E 9241     
     02A0 0201     
     02A2 007A     
     02A4 C781     
     02A6 AAAA     
     02A8 BCAA     
     02AA 6ABA     
     02AC 7AB1     
     02AE 861A     
     02B0 52A5     
     02B2 41BF     
     02B4 82CC     
     02B6 DA61     
     02B8 14AA     
     02BA 0246     
     02BC F842     
     02BE E4F8     
     02C0 C051     
     02C2 9CF6     
     02C4 C481     
     02C6 303F     
     02C8 19FA     
     02CA E0A9     
     02CC 88C2     
     02CE 5ABE     
     02D0 1694     
     02D2 6F8A     
     02D4 C38A     
     02D6 8D2E     
     02D8 8AA5     
     02DA 2464     
     02DC E24E     
     02DE 7D21     
     02E0 F8B5     
     02E2 81F8     
     02E4 61EC     
     02E6 3610     
     02E8 84C1     
     02EA 6AE5     
     02EC 23C1     
     02EE 2A58     
     02F0 65DE     
     02F2 0226     
     02F4 BC32     
     02F6 1120     
     02F8 5921     
     02FA 1230     
     02FC A0D5     
     02FE 20A3     
     0300 1218     
     0302 0581     
     0304 82C5     
     0306 87FD     
     0308 54D0     
     030A 9116     
     030C F4CB     
     030E 680C     
     0310 8E75     
     0312 020F     
     0314 819E     
     0316 C09C     
     0318 A14E     
     031A A6D1     
     031C 8602     
     031E EA4A     
     0320 50BA     
     0322 9A05     
     0324 05C4     
     0326 3514     
     0328 06B7     
     032A F755     
     032C CC3B     
     032E EB43     
     0330 3F38     
     0332 982F     
     0334 8234     
     0336 8AC1     
     0338 5196     
     033A 45F3     
     033C 7EB4     
     033E 5A8D     
     0340 44AB     
     0342 8545     
     0344 FFB4     
     0346 7483     
     0348 8502     
     034A 8300     
     034C 0D8B     
     034E BCE0     
     0350 6AC8     
     0352 B81A     
     0354 91A5     
     0356 42B6     
     0358 B414     
     035A 4A0A     
     035C 533F     
     035E A78D     
     0360 D97A     
     0362 2DF4     
     0364 1D20     
     0366 1609     
     0368 C08A     
     036A AD1C     
     036C 9CA9     
     036E 0C02     
     0370 9079     
     0372 9F04     
     0374 C210     
     0376 0A98     
     0378 0211     
     037A 281B     
     037C 07D0     
     037E C209     
     0380 83A0     
     0382 CAD4     
     0384 C4D0     
     0386 6011     
     0388 27B0     
     038A 81E4     
     038C D8D3     
     038E E8D4     
     0390 C148     
     0392 3542     
     0394 D009     
     0396 2DE8     
     0398 0CF4     
     039A 6D09     
     039C 6B08     
     039E 0D59     
     03A0 0482     
     03A2 FFFC     
     03A4 C101     
     03A6 20C2     
     03A8 9812     
     03AA 1322     
     03AC D0A3     
     03AE 0924     
     03B0 E338     
     03B2 058F     
     03B4 0709     
     03B6 04CE     
     03B8 0203     
     03BA 1668     
     03BC 1019     
     03BE 6D8E     
     03C0 1320     
     03C2 450D     
     03C4 1321     
     03C6 120A     
     03C8 2ABC     
     03CA 079E     
     03CC 44CA     
     03CE 8373     
     03D0 03C6     
     03D2 8406     
     03D4 93C1     
     03D6 1AC0     
     03D8 EA82     
     03DA 5FC0     
     03DC 8EA0     
     03DE 8EB9     
     03E0 3EF9     
     03E2 B2D3     
     03E4 BF08     
     03E6 6957     
     03E8 FFD0     
     03EA A382     
     03EC D09F     
     03EE 16E5     
     03F0 04CC     
     03F2 C34C     
     03F4 C30E     
     03F6 3B6F     
     03F8 B14D     
     03FA 4149     
     03FC A9A7     
     03FE C2FA     
     0400 C2C3     
     0402 3AC3     
     0404 ABF9     
     0406 BAFA     
     0408 1DF1     
     040A 3504     
     040C 88FF     
     040E F08E     
     0410 0282     
     0412 B5CC     
     0414 12FD     
     0416 29E5     
     0418 14D9     
     041A F11C     
     041C CE04     
     041E 5013     
     0420 E014     
     0422 0E14     
     0424 8213     
     0426 D815     
     0428 087C     
     042A 14AD     
     042C A114     
     042E 6229     
     0430 1BB0     
     0432 BCEE     
     0434 E962     
     0436 1513     
     0438 F052     
     043A 2A13     
     043C ECAE     
     043E 48AC     
     0440 06C1     
     0442 81EA     
     0444 A9A4     
     0446 740D     
     0448 8C7D     
     044A 000F     
     044C D2AD     
     044E CCB8     
     0450 0899     
     0452 9114     
     0454 48ED     
     0456 E120     
     0458 3DF1     
     045A 94C2     
     045C 48BF     
     045E 844C     
     0460 E0E0     
     0462 F8C4     
     0464 D2D1     
     0466 11E8     
     0468 3AD0     
     046A 0416     
     046C E994     
     046E 865A     
     0470 C753     
     0472 D062     
     0474 1456     
     0476 AA6E     
     0478 AA5A     
     047A 203F     
     047C E594     
     047E 2D52     
     0480 F488     
     0482 F571     
     0484 198D     
     0486 D5C3     
     0488 C167     
     048A C8AC     
     048C 4C60     
     048E E8D1     
     0490 987E     
     0492 CCD0     
     0494 D2C1     
     0496 2EB1     
     0498 64A1     
     049A A8A0     
     049C 5469     
     049E A476     
     04A0 FDA8     
     04A2 8343     
     04A4 696E     
     04A6 83D1     
     04A8 0582     
     04AA 062A     
     04AC D18F     
     04AE E2FF     
     04B0 B8FD     
     04B2 9A4C     
     04B4 82F4     
     04B6 8602     
     04B8 F9DC     
     04BA 6191     
     04BC 2AC0     
     04BE 8405     
     04C0 C2C0     
     04C2 92D4     
     04C4 753C     
     04C6 B866     
     04C8 E1C1     
     04CA 06C2     
     04CC 9C82     
     04CE 1003     
     04D0 8BB0     
     04D2 910E     
     04D4 DC35     
     04D6 1C04     
     04D8 CA09     
     04DA 008C     
     04DC 10C9     
     04DE 0508     
     04E0 942B     
     04E2 6F6B     
     04E4 6965     
     04E6 6F6D     
     04E8 6475     
     04EA 646F     
     04EC 7275     
     04EE 726F     
     04F0 6E77     
     04F2 636F     
     04F4 6973     
     04F6 647A     
     04F8 6975     
     04FA 6578     
     04FC 0000     
     04FE 246D     
     0500 9910     
     0502 1D39     
     0504 6A81     
     0506 1232     
     0508 FD60     
     050A C9F4     
     050C 42A5     
     050E 207D     
     0510 6E10     
     0512 0FC1     
     0514 41A1     
     0516 44D1     
     0518 95C1     
     051A F49D     
     051C 5505     
     051E 8409     
     0520 61A0     
     0522 9146     
     0524 132D     
     0526 D046     
     0528 0981     
     052A 0985     
     052C 6045     
     052E 0A45     
     0530 03AB     
     0532 EF43     
     0534 5A58     
     0536 C881     
     0538 E5EA     
     053A 1310     
     053C F409     
     053E A60D     
     0540 A90A     
     0542 0AAA     
     0544 0D07     
     0546 6B0C     
     0548 6EF5     
     054A C2F0     
     054C 816A     
     054E 0B16     
     0550 0202     
     0552 0200     
     0554 01C0     
     0556 4204     
     0558 5BCC     
     055A 40CC     
     055C 42CC     
     055E 43CC     
     0560 4445     
     0562 AA46     
     0564 47AA     
     0566 4849     
     0568 AA4A     
     056A 4BAA     
     056C 4C4D     
     056E A84E     
     0570 524F     
     0572 0201     
     0574 0000     
     0576 045B     
     0578 C3C1     
     057A C042     
     057C C03F     
     057E C0BF     
     0580 C0FF     
     0582 C13F     
     0584 C17F     
     0586 C1AA     
     0588 C1C2     
     058A AAC2     
     058C C2AA     
     058E C2C3     
     0590 AAC3     
     0592 C38E     
     0594 C3DF     
     0596 B9B4     
     0598 C029     
     059A C8B4     
     059C 60C8     
     059E 43D2     
     05A0 A1B9     
     05A2 EDA8     
     05A4 9031     
     05A6 61B2     
     05A8 2DE3     
     05AA B93E     
     05AC C8C2     
     05AE 7FF0     
     05B0 BA06     
     05B2 F89A     
     05B4 080A     
     05B6 6E0C     
     05B8 A4B1     
     05BA 02A7     
     05BC 4003     
     05BE 0800     
     05C0 43D5     
     05C2 3F1D     
     05C4 95E1     
     05C6 4A18     
     05C8 BE06     
     05CA DD95     
     05CC 5F0B     
     05CE 1005     
     05D0 A082     
     05D2 A0A1     
     05D4 75CF     
     05D6 CDA1     
     05D8 D00B     
     05DA 096A     
     05DC 4002     
     05DE 38C0     
     05E0 28D2     
     05E2 312B     
     05E4 408B     
     05E6 42B5     
     05E8 2608     
     05EA 6430     
     05EC CEFF     
     05EE E85C     
     05F0 F630     
     05F2 DF60     
     05F4 C542     
     05F6 688E     
     05F8 02C3     
     05FA FFE2     
     05FC 4471     
     05FE 07FD     
     0600 D2B0     
     0602 FCBB     
     0604 AD35     
     0606 6D83     
     0608 E1A0     
     060A 4CD6     
     060C A18F     
     060E 1105     
     0610 8CEC     
     0612 A6D0     
     0614 F2DA     
     0616 31E5     
     0618 01EA     
     061A 0D16     
     061C 26D0     
     061E 5A15     
     0620 1F13     
     0622 1E98     
     0624 0116     
     0626 7416     
     0628 1102     
     062A 8C98     
     062C 050F     
     062E B5E0     
     0630 94EE     
     0632 A38C     
     0634 D7EE     
     0636 ADDB     
     0638 F9F6     
     063A 61A9     
     063C DCAB     
     063E 0315     
     0640 340D     
     0642 A3F4     
     0644 3F0A     
     0646 3601     
     0648 DD7A     
     064A 42C7     
     064C C1D8     
     064E A802     
     0650 0BE2     
     0652 ECAE     
     0654 0106     
     0656 8CA4     
     0658 09D8     
     065A ADD7     
     065C 05CA     
     065E 110C     
     0660 1435     
     0662 750C     
     0664 C20D     
     0666 A2F4     
     0668 01CA     
     066A 7572     
     066C 5DB1     
     066E 22CA     
     0670 8436     
     0672 C161     
     0674 393A     
     0676 C3E5     
     0678 0889     
     067A 4233     
     067C 1542     
     067E C341     
     0680 C04C     
     0682 ACB5     
     0684 CAD4     
     0686 8985     
     0688 09AA     
     068A 0916     
     068C 7610     
     068E 2A04     
     0690 C4C0     
     0692 CA05     
     0694 C38F     
     0696 AD4C     
     0698 998F     
     069A 35A3     
     069C 8FE0     
     069E D5FD     
     06A0 01E4     
     06A2 1F49     
     06A4 9546     
     06A6 0893     
     06A8 1F83     
     06AA 4516     
     06AC 16A3     
     06AE 0851     
     06B0 BBCD     
     06B2 C099     
     06B4 A0F6     
     06B6 CDD5     
     06B8 016B     
     06BA 0415     
     06BC 5294     
     06BE 55AF     
     06C0 F40A     
     06C2 E582     
     06C4 35C4     
     06C6 4FA3     
     06C8 8DB8     
     06CA 2A2D     
     06CC D8C5     
     06CE 0EA0     
     06D0 9304     
     06D2 C3DA     
     06D4 C00F     
     06D6 161B     
     06D8 7D4F     
     06DA 52B4     
     06DC A50C     
     06DE 3350     
     06E0 58AA     
     06E2 C301     
     06E4 C2AC     
     06E6 4384     
     06E8 6E14     
     06EA 2DD6     
     06EC 2275     
     06EE 7280     
     06F0 8F1A     
     06F2 481E     
     06F4 21C2     
     06F6 8F24     
     06F8 3248     
     06FA C67D     
     06FC 0DDC     
     06FE B306     
     0700 0122     
     0702 21FF     
     0704 FFBF     
     0706 FBE5     
     0708 59C1     
     070A 5CD1     
     070C F40C     
     070E D735     
     0710 A976     
     0712 051C     
     0714 D58E     
     0716 251A     
     0718 02F1     
     071A 4B7F     
     071C 1B05     
     071E 06C3     
     0720 D676     
     0722 99C8     
     0724 B80E     
     0726 E1A1     
     0728 3FFF     
     072A AF12     
     072C C103     
     072E 0984     
     0730 6423     
     0732 0843     
     0734 EBD6     
     0736 84C9     
     0738 DAF2     
     073A CDC5     
     073C BCA2     
     073E CA52     
     0740 17CE     
     0742 101D     
     0744 0284     
     0746 0040     
     0748 1615     
     074A 0701     
     074C D681     
     074E BF0E     
     0750 E190     
     0752 CADC     
     0754 AA8C     
     0756 4FCE     
     0758 9E85     
     075A B06C     
     075C A0AB     
     075E 998C     
     0760 82E3     
     0762 DCA0     
     0764 4D4D     
     0766 717D     
     0768 C067     
     076A C443     
     076C D0DD     
     076E C42C     
     0770 FA0D     
     0772 196A     
     0774 E88B     
     0776 D385     
     0778 347D     
     077A B224     
     077C 442D     
     077E A28A     
     0780 3C76     
     0782 B86E     
     0784 E09F     
     0786 DA02     
     0788 6321     
     078A D2C9     
     078C C463     
     078E 1820     
     0790 5F3C     
     0792 D685     
     0794 4853     
     0796 6B49     
     0798 8153     
     079A C15A     
     079C 5C1B     
     079E C191     
     07A0 020D     
     07A2 1558     
     07A4 593A     
     07A6 C683     
     07A8 CA86     
     07AA 6478     
     07AC 9DC3     
     07AE 2ED9     
     07B0 AFC2     
     07B2 5C05     
     07B4 81EC     
     07B6 5CE0     
     07B8 2E31     
     07BA 8965     
     07BC 03C6     
     07BE 8506     
     07C0 95A0     
     07C2 49C7     
     07C4 019E     
     07C6 C8D0     
     07C8 BFEC     
     07CA ADD0     
     07CC 89C1     
     07CE 5A37     
     07D0 819A     
     07D2 90C3     
     07D4 B6C1     
     07D6 3DAF     
     07D8 CF8D     
     07DA 00DD     
     07DC 21F7     
     07DE 5DCD     
     07E0 CCB5     
     07E2 C8BC     
     07E4 04FD     
     07E6 592C     
     07E8 0AFA     
     07EA 1D7B     
     07EC 80A1     
     07EE 894D     
     07F0 C3DE     
     07F2 DBD9     
     07F4 8F78     
     07F6 883D     
     07F8 A04F     
     07FA C781     
     07FC A570     
     07FE 282D     
     0800 424F     
     0802 A818     
     0804 F5AF     
     0806 1992     
     0808 AC90     
     080A 2DCD     
     080C 3E10     
     080E 8C1E     
     0810 341B     
     0812 5F07     
     0814 544D     
     0816 5DF4     
     0818 9302     
     081A 0F23     
     081C B004     
     081E CC78     
     0820 0979     
     0822 0B10     
     0824 2398     
     0826 0119     
     0828 F813     
     082A 031B     
     082C 9DC9     
     082E 4F19     
     0830 F55C     
     0832 E11F     
     0834 3012     
     0836 C4B7     
     0838 2071     
     083A 18C1     
     083C 9D18     
     083E FA2D     
     0840 8CDF     
     0842 3D83     
     0844 F4B4     
     0846 C07E     
     0848 79B9     
     084A D1AA     
     084C 02BE     
     084E 2292     
     0850 05F3     
     0852 4FB1     
     0854 8506     
     0856 25C6     
     0858 0521     
     085A 1EC1     
     085C D05F     
     085E 16DB     
     0860 5C9F     
     0862 0F24     
     0864 3894     
     0866 FC79     
     0868 4DEF     
     086A 4C10     
     086C A30F     
     086E D82E     
     0870 7984     
     0872 7078     
     0874 A18E     
     0876 19BA     
     0878 682C     
     087A 99FF     
     087C 908C     
     087E 9371     
     0880 C11A     
     0882 D01F     
     0884 16EB     
     0886 5C9D     
     0888 C6BC     
     088A 3500     
     088C 18A9     
     088E 10FC     
     0890 8B02     
     0892 C659     
     0894 14C1     
     0896 C205     
     0898 EDC7     
     089A 164C     
     089C A105     
     089E B86E     
     08A0 DD88     
     08A2 8821     
     08A4 D41A     
     08A6 B48A     
     08A8 D406     
     08AA 4C4E     
     08AC 1DB1     
     08AE 9D02     
     08B0 43A1     
     08B2 1A2D     
     08B4 C482     
     08B6 A041     
     08B8 A04E     
     08BA A351     
     08BC FC5D     
     08BE 60C3     
     08C0 184F     
     08C2 FCE9     
     08C4 597D     
     08C6 8FE0     
     08C8 5822     
     08CA 1B04     
     08CC 47E8     
     08CE D509     
     08D0 E1D0     
     08D2 6065     
     08D4 BB60     
     08D6 CFA0     
     08D8 C3E9     
     08DA 5359     
     08DC C4F1     
     08DE 5828     
     08E0 0A68     
     08E2 035A     
     08E4 0AA1     
     08E6 58A1     
     08E8 043E     
     08EA A9D5     
     08EC D560     
     08EE EAC4     
     08F0 17D4     
     08F2 82DF     
     08F4 DD9D     
     08F6 5570     
     08F8 0C7A     
     08FA 5D16     
     08FC 04A4     
     08FE AEDC     
     0900 0C29     
     0902 0A34     
     0904 7DC5     
     0906 75C2     
     0908 0484     
     090A 177A     
     090C A07E     
     090E 1C02     
     0910 124C     
     0912 8004     
     0914 A602     
     0916 0AC1     
     0918 11C0     
     091A C4F7     
     091C 237D     
     091E 2493     
     0920 C4CF     
     0922 0584     
     0924 C444     
     0926 77C8     
     0928 8C71     
     092A 2900     
     092C 2458     
     092E 2AF2     
     0930 B941     
     0932 7375     
     0934 091B     
     0936 B004     
     0938 6021     
     093A D862     
     093C C0AD     
     093E AA08     
     0940 4638     
     0942 B505     
     0944 70BD     
     0946 D4B1     
     0948 D8C7     
     094A 71A7     
     094C A3AD     
     094E 62CB     
     0950 4ED5     
     0952 F966     
     0954 8500     
     0956 2412     
     0958 6721     
     095A A4C1     
     095C 1EE9     
     095E 0DAD     
     0960 8423     
     0962 4744     
     0964 821D     
     0966 58A1     
     0968 0498     
     096A 241C     
     096C ACA8     
     096E 1F05     
     0970 2D1D     
     0972 1A1C     
     0974 F41D     
     0976 261E     
     0978 841E     
     097A EC1F     
     097C 021F     
     097E 1E1F     
     0980 5A1E     
     0982 681E     
     0984 701E     
     0986 D61F     
     0988 8E1D     
     098A A41D     
     098C DC1E     
     098E 181E     
     0990 381F     
     0992 981F     
     0994 AA1F     
     0996 D620     
     0998 6420     
     099A 7E20     
     099C B620     
     099E C41E     
     09A0 9A1E     
     09A2 C220     
     09A4 3C20     
     09A6 DA20     
     09A8 E81D     
     09AA 6821     
     09AC 1C21     
     09AE 3021     
     09B0 4021     
     09B2 5021     
     09B4 741D     
     09B6 3A3A     
     09B8 A801     
     09BA E848     
     09BC C620     
     09BE 76F4     
     09C0 B78C     
     09C2 E962     
     09C4 3D18     
     09C6 FAA3     
     09C8 ED0F     
     09CA 8002     
     09CC F0F6     
     09CE 07F9     
     09D0 F196     
     09D2 D5A7     
     09D4 EC81     
     09D6 08F2     
     09D8 6A94     
     09DA 8EBE     
     09DC C2B8     
     09DE 2019     
     09E0 92C0     
     09E2 E7D1     
     09E4 C0E2     
     09E6 E8C0     
     09E8 2330     
     09EA 7829     
     09EC A478     
     09EE B4BF     
     09F0 BAE0     
     09F2 7840     
     09F4 881A     
     09F6 B6DF     
     09F8 CB41     
     09FA 51C0     
     09FC 6BC3     
     09FE 9CB4     
     0A00 4BC8     
     0A02 C401     
     0A04 ADC0     
     0A06 1B63     
     0A08 DDC1     
     0A0A A0E8     
     0A0C FD70     
     0A0E AFCA     
     0A10 9302     
     0A12 08F8     
     0A14 28C4     
     0A16 C10E     
     0A18 F3A0     
     0A1A C078     
     0A1C 8984     
     0A1E 20BE     
     0A20 6908     
     0A22 0E91     
     0A24 251F     
     0A26 F63F     
     0A28 DC87     
     0A2A 90F8     
     0A2C 9480     
     0A2E A3C1     
     0A30 CEA5     
     0A32 0178     
     0A34 A682     
     0A36 5807     
     0A38 C102     
     0A3A A102     
     0A3C A12D     
     0A3E BEC5     
     0A40 0C9C     
     0A42 96ED     
     0A44 EC20     
     0A46 DFA0     
     0A48 A8F3     
     0A4A 785A     
     0A4C 9D02     
     0A4E 088C     
     0A50 1C04     
     0A52 1E89     
     0A54 C0A5     
     0A56 8E7E     
     0A58 F4FD     
     0A5A C1CD     
     0A5C B8F2     
     0A5E A09A     
     0A60 0393     
     0A62 A68F     
     0A64 836A     
     0A66 21B0     
     0A68 F88D     
     0A6A C063     
     0A6C 101B     
     0A6E 9628     
     0A70 A9C0     
     0A72 A0F0     
     0A74 3CB2     
     0A76 CC50     
     0A78 6313     
     0A7A A82B     
     0A7C 6860     
     0A7E 3C15     
     0A80 F9CE     
     0A82 1CB0     
     0A84 6C6A     
     0A86 87D0     
     0A88 E3B4     
     0A8A 1B5A     
     0A8C 3F9C     
     0A8E D84B     
     0A90 06FF     
     0A92 E9AC     
     0A94 301A     
     0A96 605C     
     0A98 9344     
     0A9A 9EDD     
     0A9C 0C38     
     0A9E 4EBC     
     0AA0 9F0A     
     0AA2 CA82     
     0AA4 ED86     
     0AA6 C8D5     
     0AA8 162F     
     0AAA BCD9     
     0AAC 224C     
     0AAE 8C68     
     0AB0 8670     
     0AB2 1EC1     
     0AB4 4129     
     0AB6 4E07     
     0AB8 FD0B     
     0ABA 43C1     
     0ABC 0307     
     0ABE 01A3     
     0AC0 20C3     
     0AC2 3C49     
     0AC4 E1F0     
     0AC6 8305     
     0AC8 45ED     
     0ACA E00B     
     0ACC 884E     
     0ACE 8D85     
     0AD0 45AB     
     0AD2 C584     
     0AD4 CC98     
     0AD6 A001     
     0AD8 BED5     
     0ADA 3294     
     0ADC D78E     
     0ADE 6063     
     0AE0 1011     
     0AE2 D7DC     
     0AE4 577D     
     0AE6 4F48     
     0AE8 8D5C     
     0AEA 03D1     
     0AEC 22DC     
     0AEE 23CB     
     0AF0 6AC7     
     0AF2 DDC8     
     0AF4 89C1     
     0AF6 2DA2     
     0AF8 2439     
     0AFA 130F     
     0AFC 944D     
     0AFE DD08     
     0B00 1231     
     0B02 6E17     
     0B04 C10A     
     0B06 ACF0     
     0B08 B50F     
     0B0A 9C09     
     0B0C E88E     
     0B0E 171E     
     0B10 5CF2     
     0B12 E941     
     0B14 8306     
     0B16 6A80     
     0B18 0768     
     0B1A 03EB     
     0B1C E494     
     0B1E E675     
     0B20 39CB     
     0B22 4508     
     0B24 C658     
     0B26 0B01     
     0B28 6158     
     0B2A 8CC3     
     0B2C ED1A     
     0B2E 28AF     
     0B30 9F0C     
     0B32 24C4     
     0B34 8A18     
     0B36 4EB0     
     0B38 C189     
     0B3A AC64     
     0B3C 0C13     
     0B3E 0598     
     0B40 1C1C     
     0B42 4CD4     
     0B44 7C78     
     0B46 2AD4     
     0B48 6017     
     0B4A D091     
     0B4C A249     
     0B4E 232A     
     0B50 1C4A     
     0B52 060E     
     0B54 2471     
     0B56 0AA8     
     0B58 D46D     
     0B5A AA18     
     0B5C 25A8     
     0B5E 0C15     
     0B60 B9A0     
     0B62 FDD4     
     0B64 CDC4     
     0B66 CEAC     
     0B68 21C5     
     0B6A 2544     
     0B6C D775     
     0B6E 5C7C     
     0B70 6380     
     0B72 4E30     
     0B74 ED5A     
     0B76 5028     
     0B78 4A07     
     0B7A CD10     
     0B7C 4855     
     0B7E 0FD4     
     0B80 498C     
     0B82 8C10     
     0B84 57D7     
     0B86 F04A     
     0B88 3073     
     0B8A 8ECB     
     0B8C 42ED     
     0B8E 1DF4     
     0B90 C63C     
     0B92 5BAB     
     0B94 2270     
     0B96 3410     
     0B98 3D93     
     0B9A CC97     
     0B9C F50E     
     0B9E 0540     
     0BA0 4080     
     0BA2 102F     
     0BA4 96D8     
     0BA6 0EE0     
     0BA8 8E10     
     0BAA 15E0     
     0BAC 5A28     
     0BAE 2D1F     
     0BB0 3138     
     0BB2 88C0     
     0BB4 2A97     
     0BB6 0240     
     0BB8 000F     
     0BBA 1301     
     0BBC 0ACD     
     0BBE 447E     
     0BC0 6CB8     
     0BC2 56B7     
     0BC4 08E4     
     0BC6 71E7     
     0BC8 3413     
     0BCA 1DCB     
     0BCC 69F1     
     0BCE 08B3     
     0BD0 21C0     
     0BD2 029A     
     0BD4 AD26     
     0BD6 6A56     
     0BD8 A8C5     
     0BDA C56A     
     0BDC 8574     
     0BDE 85CB     
     0BE0 4FAC     
     0BE2 F8CC     
     0BE4 E389     
     0BE6 F5CA     
     0BE8 85D3     
     0BEA 81CC     
     0BEC 8D1C     
     0BEE 7052     
     0BF0 34A5     
     0BF2 0E31     
     0BF4 64AC     
     0BF6 2CF0     
     0BF8 6A08     
     0BFA 080C     
     0BFC 57AC     
     0BFE 2DAA     
     0C00 7E45     
     0C02 8071     
     0C04 2382     
     0C06 C368     
     0C08 9C0B     
     0C0A 022E     
     0C0C 0888     
     0C0E C24A     
     0C10 05C9     
     0C12 4BAD     
     0C14 2F41     
     0C16 A848     
     0C18 0DC1     
     0C1A AFF0     
     0C1C 0A9D     
     0C1E FB4D     
     0C20 C4C3     
     0C22 973D     
     0C24 0CD0     
     0C26 DCD6     
     0C28 83C0     
     0C2A 6E71     
     0C2C 8D1A     
     0C2E 8023     
     0C30 0116     
     0C32 04A8     
     0C34 C960     
     0C36 1A8A     
     0C38 102E     
     0C3A D003     
     0C3C 131A     
     0C3E D043     
     0C40 EB81     
     0C42 607C     
     0C44 41AB     
     0C46 5C14     
     0C48 B4D1     
     0C4A A84A     
     0C4C 943E     
     0C4E 1E12     
     0C50 4C58     
     0C52 78C0     
     0C54 4EA0     
     0C56 43D8     
     0C58 5A83     
     0C5A 0583     
     0C5C CB83     
     0C5E C4D1     
     0C60 C059     
     0C62 2B11     
     0C64 D8E2     
     0C66 E5CC     
     0C68 EE2E     
     0C6A E116     
     0C6C B83B     
     0C6E 6C04     
     0C70 A7F9     
     0C72 EAEA     
     0C74 F149     
     0C76 83A8     
     0C78 0209     
     0C7A 7B15     
     0C7C 0A05     
     0C7E 8BA0     
     0C80 4EF1     
     0C82 B8FA     
     0C84 74BC     
     0C86 E7C9     
     0C88 D458     
     0C8A 399D     
     0C8C 171E     
     0C8E B185     
     0C90 372A     
     0C92 20CF     
     0C94 3D99     
     0C96 46B8     
     0C98 3B79     
     0C9A 0607     
     0C9C 70AF     
     0C9E C0F1     
     0CA0 3A45     
     0CA2 F430     
     0CA4 0816     
     0CA6 4AC1     
     0CA8 4374     
     0CAA 1EE5     
     0CAC 2FC1     
     0CAE 436B     
     0CB0 E809     
     0CB2 CAA4     
     0CB4 041A     
     0CB6 AA30     
     0CB8 5FC7     
     0CBA E431     
     0CBC 7A08     
     0CBE 6E6E     
     0CC0 E199     
     0CC2 7B10     
     0CC4 22CB     
     0CC6 D837     
     0CC8 45E5     
     0CCA 2A04     
     0CCC 2323     
     0CCE 04DE     
     0CD0 10A9     
     0CD2 7801     
     0CD4 D211     
     0CD6 E7B8     
     0CD8 0458     
     0CDA 799B     
     0CDC 1324     
     0CDE 8182     
     0CE0 28DF     
     0CE2 05DC     
     0CE4 13D1     
     0CE6 5B08     
     0CE8 B568     
     0CEA 993C     
     0CEC D2D0     
     0CEE 1C13     
     0CF0 5DD8     
     0CF2 8C8D     
     0CF4 B522     
     0CF6 4CA3     
     0CF8 34C0     
     0CFA A512     
     0CFC 50A7     
     0CFE E2A6     
     0D00 F90C     
     0D02 F20A     
     0D04 1160     
     0D06 C5B5     
     0D08 E54C     
     0D0A A990     
     0D0C 1049     
     0D0E 3A65     
     0D10 7869     
     0D12 7400     
     0D14 6CF8     
     0D16 163C     
     0D18 3000     
     0D1A 3A00     
     0D1C 5F3B     
     0D1E 002B     
     0D20 002D     
     0D22 AA2A     
     0D24 2FA8     
     0D26 2539     
     0D28 6472     
     0D2A 6F70     
     0D2C F75A     
     0D2E 7570     
     0D30 0070     
     0D32 6963     
     0D34 6B72     
     0D36 005F     
     0D38 696D     
     0D3A 6D65     
     0D3C 642D     
     0D3E 6174     
     0D40 D241     
     0D42 43D9     
     0D44 21F1     
     0D46 FA73     
     0D48 7761     
     0D4A C9B9     
     0D4C 748B     
     0D4E 6A6D     
     0D50 FAF8     
     0D52 7F27     
     0D54 2A28     
     0D56 393E     
     0D58 72D7     
     0D5A E33E     
     0D5C 003D     
     0D5E C379     
     0D60 7389     
     0D62 8C7F     
     0D64 002C     
     0D66 2C00     
     0D68 6B65     
     0D6A 7936     
     0D6C B7DF     
     0D6E 233F     
     0D70 493F     
     0D72 EF7C     
     0D74 005E     
     0D76 233C     
     0D78 AFBE     
     0D7A B55F     
     0D7C D763     
     0D7E 6872     
     0D80 616C     
     0D82 FA00     
     0D84 68C1     
     0D86 4CEE     
     0D88 7367     
     0D8A 74E3     
     0D8C E763     
     0D8E 3D63     
     0D90 6F6D     
     0D92 E389     
     0D94 C76E     
     0D96 678F     
     0D98 BB70     
     0D9A 6FD5     
     0D9C B8F9     
     0D9E 6ED9     
     0DA0 EE64     
     0DA2 7322     
     0DA4 F8D9     
     0DA6 B1E7     
     0DA8 2065     
     0DAA 6D91     
     0DAC 2030     
     0DAE 20A7     
     0DB0 3A20     
     0DB2 3B0A     
     0DB4 9EE3     
     0DB6 2E20     
     0DB8 31E8     
     0DBA 0E77     
     0DBC 0E6C     
     0DBE 6C20     
     0DC0 32E2     
     0DC2 082A     
     0DC4 6877     
     0DC6 4040     
     0DC8 3406     
     0DCA ED21     
     0DCC 94E2     
     0DCE 8BEA     
     0DD0 9F40     
     0DD2 C98A     
     0DD4 EA2C     
     0DD6 622C     
     0DD8 2C1A     
     0DDA 2377     
     0DDC B798     
     0DDE A8A3     
     0DE0 6A09     
     0DE2 3634     
     0DE4 CFA2     
     0DE6 C18F     
     0DE8 E4B2     
     0DEA 695B     
     0DEC D8B8     
     0DEE 3A54     
     0DF0 B23B     
     0DF2 C40E     
     0DF4 C4AA     
     0DF6 5D31     
     0DF8 53B7     
     0DFA D872     
     0DFC 7BCA     
     0DFE 605A     
     0E00 F58E     
     0E02 EEC9     
     0E04 2BC2     
     0E06 EFF9     
     0E08 3BEA     
     0E0A A62D     
     0E0C 862D     
     0E0E 336F     
     0E10 76B9     
     0E12 B3E6     
     0E14 66FF     
     0E16 E0BF     
     0E18 D693     
     0E1A D2DB     
     0E1C 7E2E     
     0E1E 06A4     
     0E20 D7F0     
     0E22 F336     
     0E24 BE23     
     0E26 63AF     
     0E28 DE6E     
     0E2A 2BDC     
     0E2C 6264     
     0E2E 65FC     
     0E30 75DA     
     0E32 6E3C     
     0E34 52D7     
     0E36 258B     
     0E38 EA3E     
     0E3A 8FCE     
     0E3C E59B     
     0E3E D03D     
     0E40 9F2C     
     0E42 F6FF     
     0E44 CDFA     
     0E46 B5CE     
     0E48 FF6B     
     0E4A FACD     
     0E4C FA33     
     0E4E BA3E     
     0E50 F39E     
     0E52 FBF1     
     0E54 E23D     
     0E56 F975     
     0E58 FDEA     
     0E5A B76E     
     0E5C EBFE     
     0E5E E2B6     
     0E60 BF21     
     0E62 EDE0     
     0E64 E2E6     
     0E66 DA63     
     0E68 8CD6     
     0E6A 33A0     
     0E6C 3AF1     
     0E6E 304F     
     0E70 D2A2     
     0E72 6224     
     0E74 3332     
     0E76 DE5C     
     0E78 202E     
     0E7A 2EF5     
     0E7C F39F     
     0E7E 9A03     
     0E80 2BCD     
     0E82 6859     
     0E84 CAB5     
     0E86 61FD     
     0E88 656D     
     0E8A E5D8     
     0E8C 88F8     
     0E8E 7661     
     0E90 8FD7     
     0E92 BA27     
     0E94 208E     
     0E96 E62C     
     0E98 ACF3     
     0E9A 35B8     
     0E9C F3E6     
     0E9E E87D     
     0EA0 D8CD     
     0EA2 2EF6     
     0EA4 89E6     
     0EA6 7FEB     
     0EA8 E187     
     0EAA 80E4     
     0EAC FDBE     
     0EAE 2761     
     0EB0 6E74     
     0EB2 7A08     
     0EB4 3A78     
     0EB6 C071     
     0EB8 CFAE     
     0EBA 9E4D     
     0EBC F5E0     
     0EBE 9F8B     
     0EC0 626C     
     0EC2 659E     
     0EC4 DFFE     
     0EC6 C298     
     0EC8 F72C     
     0ECA 6072     
     0ECC 1835     
     0ECE 6567     
     0ED0 E3C1     
     0ED2 B45D     
     0ED4 1427     
     0ED6 6167     
     0ED8 61DB     
     0EDA CFD6     
     0EDC 0B78     
     0EDE 7FD6     
     0EE0 C449     
     0EE2 A975     
     0EE4 6E74     
     0EE6 6C2E     
     0EE8 30C2     
     0EEA 1275     
     0EEC 7B20     
     0EEE 28AB     
     0EF0 3F2D     
     0EF2 2960     
     0EF4 56FF     
     0EF6 B6E9     
     0EF8 7EE1     
     0EFA F328     
     0EFC 1638     
     0EFE 787D     
     0F00 A077     
     0F02 A9F4     
     0F04 AABF     
     0F06 16F2     
     0F08 5FFE     
     0F0A DF8C     
     0F0C F2B2     
     0F0E 3DC4     
     0F10 4DDF     
     0F12 F89C     
     0F14 753D     
     0F16 CC80     
     0F18 EED4     
     0F1A F86D     
     0F1C B14B     
     0F1E DC58     
     0F20 54E4     
     0F22 77FA     
     0F24 F44A     
     0F26 F7F2     
     0F28 FD9F     
     0F2A BC65     
     0F2C 90F4     
     0F2E 5CFB     
     0F30 19E9     
     0F32 739B     
     0F34 586E     
     0F36 9B54     
     0F38 7BFF     
     0F3A 8864     
     0F3C FCF3     
     0F3E 2073     
     0F40 C4F7     
     0F42 DE51     
     0F44 67D4     
     0F46 F0F6     
     0F48 9BEA     
     0F4A 6633     
     0F4C 98DE     
     0F4E 3AEE     
     0F50 B26A     
     0F52 4A02     
     0F54 EF6C     
     0F56 3F73     
     0F58 B11F     
     0F5A A465     
     0F5C 22FD     
     0F5E 89AE     
     0F60 2665     
     0F62 6C73     
     0F64 E762     
     0F66 C364     
     0F68 7D94     
     0F6A 9780     
     0F6C D640     
     0F6E 3C66     
     0F70 69C4     
     0F72 4FE9     
     0F74 5D9A     
     0F76 3423     
     0F78 32F4     
     0F7A EDB4     
     0F7C A06A     
     0F7E 6932     
     0F80 163F     
     0F82 646F     
     0F84 CB32     
     0F86 CD30     
     0F88 D3F8     
     0F8A 430C     
     0F8C CDB5     
     0F8E B92B     
     0F90 8764     
     0F92 5802     
     0F94 4F1A     
     0F96 6931     
     0F98 0FC6     
     0F9A A33D     
     0F9C 19EA     
     0F9E 34D7     
     0FA0 DCD7     
     0FA2 E084     
     0FA4 10F0     
     0FA6 4ACD     
     0FA8 1ED9     
     0FAA DCF4     
     0FAC A48D     
     0FAE 7322     
     0FB0 0978     
     0FB2 2D40     
     0FB4 6760     
     0FB6 1378     
     0FB8 D6FC     
     0FBA 4CDC     
     0FBC 3E33     
     0FBE 4A12     
     0FC0 34D2     
     0FC2 E822     
     0FC4 3334     
     0FC6 BF3D     
     0FC8 A07F     
     0FCA F678     
     0FCC 4D64     
     0FCE E0B4     
     0FD0 2DDD     
     0FD2 167F     
     0FD4 4690     
     0FD6 F0C8     
     0FD8 F14D     
     0FDA 9FC0     
     0FDC C6E3     
     0FDE 2E56     
     0FE0 B477     
     0FE2 B84A     
     0FE4 2E01     
     0FE6 DD5A     
     0FE8 DE82     
     0FEA C127     
     0FEC 8FE6     
     0FEE 85F7     
     0FF0 76B8     
     0FF2 1793     
     0FF4 2C43     
     0FF6 DCE1     
     0FF8 26FC     
     0FFA EF20     
     0FFC 2D00     
     0FFE 5556     
0148               
0149               
0150                       DORG >1000
0151               UNZIP_DATA
0152 1000                  BSS 1
0153                       END
    copy_literals....... >00dc :     
    dzx0................ >00ce :     
    dzx_done............ >012c :     
    elias............... >0162 :     
    elias_done.......... >017a :     
    elias_loop.......... >0168 :     
    general............. >0080 :     
    init_stacks......... >0048 :     
    isr_mux_0........... >0014 :     
    isr_mux_1........... >0014 :     
    isr_timer........... >008a :     
    isr_timer_resume.... >00b4 :     
    isr_timer_suspend... >00ae :     
    isr_timer_swap...... >00ae :     
    isr_yield........... >0096 :     
    last_offset......... >00ec :     
    lit_loop............ >00e0 :     
    m0irq............... >0002 :     
    m0irqv.............. >0008 :     
    m0rst............... >f006 :     
    m0rx................ >f002 :     
    m0rxb............... >f003 :     
    m0stat.............. >f000 :     
    m0statc............. >3fee :     
    m0tx................ >f004 :     
    m0txb............... >f005 :     
    m1irq............... >0003 :     
    m1irqv.............. >000c :     
    m1rst............... >f00e :     
    m1rx................ >f00a :     
    m1rxb............... >f00b :     
    m1stat.............. >f008 :     
    m1statc............. >3ff0 :     
    m1tx................ >f00c :     
    m1txb............... >f00d :     
    mux0................ >f000 :     
    mux1................ >f008 :     
    new_offset.......... >00fa :     
    oswp................ >3fc0 :     
    ram_end............. >3ffe :     
    ram_start........... >1000 :     
    readbit............. >013a :     
    readbit_have_byte... >0154 :     
    readbit_no_backtrack >0148 :     
    readbit_zero........ >015c :     
    t0_sp............... >3ed0 :     
    t0_wp............... >3f80 :     
    t1_sp............... >3500 :     
    t1_wp............... >3fa0 :     
    tcbe................ >3fec :     
    tcbs................ >3fe0 :     
    tcb_init............ >0036 :     
    tcb_init_copy....... >0042 :     
    tcb_init_data....... >002a :     
    tcb_init_data_end... >0036 :     
    tcur................ >3fec :     
    timerv.............. >0010 :     
    timer_tick.......... >3ff2 :     
    tmrirq.............. >0004 :     
    tmrrst.............. >f010 :     
    traps............... >0040 :     
    unzip............... >00c0 :     
    unzip_compressed_data >017c :     
    unzip_data.......... >1000 :     
    vectors............. >0000 :     
    write_offset........ >012e :     
    write_offset_loop... >0132 :     
    yieldv.............. >0004 :     
